[html.rovadex.com/html-quadex/index.html]
[backblue.gif]
[fade.gif]
[index.html]
[html.rovadex.com/html-quadex/img/favicon.png]
[html.rovadex.com/html-quadex/css/critical.css]
[html.rovadex.com/html-quadex/img/bg-body.svg]
[html.rovadex.com/html-quadex/img/logo.svg]
[html.rovadex.com/html-quadex/about.html]
[html.rovadex.com/html-quadex/services.html]
[html.rovadex.com/html-quadex/blog.html]
[html.rovadex.com/html-quadex/pravicy-policy.html]
[html.rovadex.com/html-quadex/404.html]
[html.rovadex.com/html-quadex/shop.html]
[html.rovadex.com/html-quadex/gallery.html]
[html.rovadex.com/html-quadex/contacts.html]
[html.rovadex.com/html-quadex/img/home1-slide10.jpg]
[html.rovadex.com/html-quadex/img/home1-slide4.jpg]
[html.rovadex.com/html-quadex/img/home1-slide5.jpg]
[html.rovadex.com/html-quadex/img/home1-slide12.jpg]
[html.rovadex.com/html-quadex/img/placeholder-all.png]
[html.rovadex.com/html-quadex/shop-single.html]
[html.rovadex.com/html-quadex/img/icon-1.svg]
[html.rovadex.com/html-quadex/img/icon-2.svg]
[html.rovadex.com/html-quadex/img/icon-3.png]
[html.rovadex.com/html-quadex/img/icon-4.svg]
[html.rovadex.com/html-quadex/img/icon-tab-1.svg]
[html.rovadex.com/html-quadex/img/icon-tab-2.svg]
[html.rovadex.com/html-quadex/img/icon-tab-3.svg]
[html.rovadex.com/html-quadex/img/icon-tab-4.svg]
[html.rovadex.com/html-quadex/img/icon-tab-5.svg]
[html.rovadex.com/html-quadex/img/icon-tab-6.svg]
[html.rovadex.com/html-quadex/img/client-1.svg]
[html.rovadex.com/html-quadex/css/slick.min.css]
[html.rovadex.com/html-quadex/css/bootstrap-grid.css]
[html.rovadex.com/html-quadex/css/font-awesome.min.css]
[cdn.jsdelivr.net/gh/fancyapps/fancybox@3.5.7/dist/jquery.fancybox.min.css]
[html.rovadex.com/html-quadex/css/style.css]
[code.jquery.com/jquery-2.2.4.min.js]
[unpkg.com/masonry-layout@4/dist/masonry.pkgd.min.24.delayed]
[unpkg.com/masonry-layout@4.2.2/dist/masonry.pkgd.min.js]
[cdn.jsdelivr.net/gh/fancyapps/fancybox@3.5.7/dist/jquery.fancybox.min.js]
[html.rovadex.com/html-quadex/js/slick.min.js]
[html.rovadex.com/html-quadex/js/rx-lazy.js]
[html.rovadex.com/html-quadex/index.html]
[html.rovadex.com/html-quadex/js/scripts.js]
[html.rovadex.com/html-quadex/css/critical.css]
[html.rovadex.com/html-quadex/img/bg-body.svg]
[html.rovadex.com/html-quadex/img/logo.svg]
[html.rovadex.com/html-quadex/img/cancel.svg]
[html.rovadex.com/html-quadex/img/bg-page.jpg]
[html.rovadex.com/html-quadex/img/img-about-top.jpg]
[html.rovadex.com/html-quadex/img/bg-4.jpg]
[html.rovadex.com/html-quadex/img/team-1.jpg]
[html.rovadex.com/html-quadex/img/team-2.jpg]
[html.rovadex.com/html-quadex/img/team-3.jpg]
[html.rovadex.com/html-quadex/img/team-4.jpg]
[html.rovadex.com/html-quadex/img/bg-5.jpg]
[html.rovadex.com/html-quadex/img/testimonials-1.png]
[html.rovadex.com/html-quadex/img/testimonials-2.png]
[html.rovadex.com/html-quadex/img/testimonials-3.jpg]
[html.rovadex.com/html-quadex/img/client-2.svg]
[html.rovadex.com/html-quadex/img/client-3.svg]
[html.rovadex.com/html-quadex/img/client-4.svg]
[html.rovadex.com/html-quadex/img/client-5.svg]
[html.rovadex.com/html-quadex/about.html]
[html.rovadex.com/html-quadex/img/client-6.svg]
[html.rovadex.com/html-quadex/img/img-serv-1.jpg]
[html.rovadex.com/html-quadex/img/img-serv-2.jpg]
[html.rovadex.com/html-quadex/img/img-1.jpg]
[html.rovadex.com/html-quadex/img/img-2.jpg]
[html.rovadex.com/html-quadex/img/img-3.jpg]
[html.rovadex.com/html-quadex/img/img-4.jpg]
[html.rovadex.com/html-quadex/services.html]
[html.rovadex.com/html-quadex/sindle-blog.html]
[html.rovadex.com/html-quadex/img/blog-img-2.jpg]
[html.rovadex.com/html-quadex/img/blog-img-1.jpg]
[html.rovadex.com/html-quadex/img/suport-img.png]
[html.rovadex.com/html-quadex/img/bg-3.jpg]
[html.rovadex.com/html-quadex/img/prod-shop-7.jpg]
[html.rovadex.com/html-quadex/img/prod-shop-8.jpg]
[html.rovadex.com/html-quadex/img/prod-shop-6.jpg]
[html.rovadex.com/html-quadex/img/prod-shop-5.jpg]
[html.rovadex.com/html-quadex/img/prod-4.jpg]
[html.rovadex.com/html-quadex/blog.html]
[html.rovadex.com/html-quadex/pravicy-policy.html]
[html.rovadex.com/html-quadex/img/bg-error.jpg]
[html.rovadex.com/html-quadex/img/drone-1.png]
[html.rovadex.com/html-quadex/404.html]
[html.rovadex.com/html-quadex/img/prod-1.jpg]
[html.rovadex.com/html-quadex/img/prod-2.jpg]
[html.rovadex.com/html-quadex/img/prod-3.jpg]
[html.rovadex.com/html-quadex/img/prod-5.jpg]
[html.rovadex.com/html-quadex/img/banner-1.jpg]
[html.rovadex.com/html-quadex/img/banner-2.jpg]
[html.rovadex.com/html-quadex/img/prod-shop-1.jpg]
[html.rovadex.com/html-quadex/img/prod-shop-2.jpg]
[html.rovadex.com/html-quadex/img/prod-shop-3.jpg]
[html.rovadex.com/html-quadex/img/prod-shop-4.jpg]
[html.rovadex.com/html-quadex/shop.html]
[html.rovadex.com/html-quadex/img/gal-1.jpg]
[html.rovadex.com/html-quadex/img/gal-2.jpg]
[html.rovadex.com/html-quadex/img/gal-3.jpg]
[html.rovadex.com/html-quadex/img/gal-6.jpg]
[html.rovadex.com/html-quadex/img/gal-5.jpg]
[html.rovadex.com/html-quadex/img/gal-4.jpg]
[html.rovadex.com/html-quadex/img/gal-9.jpg]
[html.rovadex.com/html-quadex/img/gal-8.jpg]
[html.rovadex.com/html-quadex/img/gal-7.jpg]
[html.rovadex.com/html-quadex/gallery.html]
[html.rovadex.com/html-quadex/img/img-contact-1.jpg]
[html.rovadex.com/html-quadex/contacts.html]
[html.rovadex.com/html-quadex/shop-single.html]
[html.rovadex.com/html-quadex/img/icon-1.svg]
[html.rovadex.com/html-quadex/img/icon-2.svg]
[html.rovadex.com/html-quadex/img/icon-4.svg]
[html.rovadex.com/html-quadex/img/icon-tab-1.svg]
[html.rovadex.com/html-quadex/img/icon-tab-2.svg]
[html.rovadex.com/html-quadex/img/icon-tab-3.svg]
[html.rovadex.com/html-quadex/img/icon-tab-4.svg]
[html.rovadex.com/html-quadex/img/icon-tab-5.svg]
[html.rovadex.com/html-quadex/img/icon-tab-6.svg]
[html.rovadex.com/html-quadex/img/client-1.svg]
[html.rovadex.com/html-quadex/css/slick.min.css]
[html.rovadex.com/html-quadex/css/bootstrap-grid.css]
[html.rovadex.com/html-quadex/fonts/fontawesome-webfont3e6e.eot]
[html.rovadex.com/html-quadex/fonts/fontawesome-webfontd41d.eot]
[html.rovadex.com/html-quadex/fonts/fontawesome-webfont3e6e.woff2]
[html.rovadex.com/html-quadex/fonts/fontawesome-webfont3e6e.woff]
[html.rovadex.com/html-quadex/fonts/fontawesome-webfont3e6e.ttf]
[html.rovadex.com/html-quadex/css/font-awesome.min.css]
[cdn.jsdelivr.net/gh/fancyapps/fancybox@3.5.7/dist/jquery.fancybox.min.css]
[html.rovadex.com/html-quadex/fonts/fontawesome-webfont3e6e.svg]
[html.rovadex.com/html-quadex/img/bg-2.jpg]
[html.rovadex.com/html-quadex/css/style.css]
[html.rovadex.com/html-quadex/img/cancel.svg]
[html.rovadex.com/html-quadex/img/client-2.svg]
[html.rovadex.com/html-quadex/img/client-3.svg]
[html.rovadex.com/html-quadex/img/client-4.svg]
[html.rovadex.com/html-quadex/img/client-5.svg]
[html.rovadex.com/html-quadex/img/client-6.svg]
[html.rovadex.com/html-quadex/img/autor-img.png]
[html.rovadex.com/html-quadex/sindle-blog.html]
[html.rovadex.com/html-quadex/fonts/fontawesome-webfont3e6e.svg]
